MAP

NAME Gloucester_wms.map		
STATUS ON
SIZE 1000 600
EXTENT -65.9963 47.33 -65.215 47.9545
UNITS DD
IMAGECOLOR 250 250 250

PROJECTION
	"init=epsg:4326"
END

WEB
	IMAGEPATH "C:\ms4w\Apache\htdocs\tmp"
	IMAGEURL "/tmp/"
	METADATA 
		"wms_title" "WMS Server (test)"
		"wms_onlineresource" "http://gaia.gge.unb.ca:8080/cgi-bin/mapserv.exe?map=/ms4w/Apache/htdocs/gge5403/students/mohammadali/5/Gloucester/Gloucester_wms.map&SERVICE=WMS&VERSION=1.3.0&REQUEST=GetCapabilities"
		"wms_srs" "EPSG:4326 EPSG:3857" 
		"ows_enable_request" "*"
		END
END
  
#-------- 
   LAYER
    NAME "RoadSegments"
    TYPE LINE

    DATA 'C:/ms4w/Apache/htdocs/gge5403/students/mohammadali/5/Gloucester/RoadSegments.shp'
    METADATA
      'wms_title' 'RoadSegments'
    END
    STATUS ON
    PROJECTION
    	'init=epsg:4326'
    END
  CLASS
       NAME 'RoadSegments' 
       STYLE
         SYMBOL 0 
         SIZE 3 
         COLOR 139 0 139
       END
    END
  END
  
  #-------- 
   LAYER
    NAME "RoadJunction"
    TYPE POINT

    DATA 'C:/ms4w/Apache/htdocs/gge5403/students/mohammadali/5/Gloucester/RoadJunction.shp'
    METADATA
      'wms_title' 'RoadJunction'
    END
    STATUS ON
    PROJECTION
    	'init=epsg:4326'
    END
  CLASS
       NAME 'RoadJunction' 
       STYLE
         SYMBOL 'CIRCLE' 
         SIZE 4 
         OUTLINECOLOR 255 170 0
         COLOR 255 170 0
       END
    END
  END

#Circle symbol
      SYMBOL
        NAME 'CIRCLE'
        TYPE ellipse
        FILLED true
        POINTS
          1 1
        END
      END   

#-------- 
   LAYER
    NAME "WaterBody"
    TYPE POLYGON

    DATA 'C:/ms4w/Apache/htdocs/gge5403/students/mohammadali/5/Gloucester/WaterBody.shp'
   METADATA
      'wms_title' 'WaterBody'
    END
    STATUS ON
    TRANSPARENCY 80
    PROJECTION
    	'init=epsg:4326'
    END
  CLASS
       NAME 'Water' 
       STYLE
         SYMBOL 0 
         SIZE 2 
         OUTLINECOLOR 0 0 0
         COLOR 0 75 175
       END
    END
  END 

  #-------
   LAYER
    NAME "PopulatedPlaces"
   TYPE POINT

    DATA 'C:/ms4w/Apache/htdocs/gge5403/students/mohammadali/5/Gloucester/PopulatedPlaces.shp'
    METADATA
      'wms_title' 'PopulatedPlaces'
    END
    STATUS ON
    PROJECTION
    	'init=epsg:4326'
    END
 CLASS
       NAME 'PopulatedPlaces' 
      STYLE
         SYMBOL 'CIRCLE' 
         SIZE 20 
         OUTLINECOLOR 0 0 0
         COLOR 85 187 102
       END
    END
  END 
  
    #Circle symbol
      SYMBOL
        NAME 'CIRCLE'
        TYPE ellipse
        FILLED true
        POINTS
          1 1
        END
      END    
 
  #end of file
  
END